// Jest Snapshot v1, https://goo.gl/fbAQLP

exports[`<SingleProduct/> Errors with a not found Product 1`] = `
<p
  data-test="graphql-error"
>
  <strong>
    Shoot!
  </strong>
  Products Not Found!
</p>
`;

exports[`<SingleProduct/> renders with proper data 1`] = `
<h2>
  Viewing 
  dogs are best
</h2>
`;

exports[`<SingleProduct/> renders with proper data 2`] = `
<img
  alt="dogs are best"
  src="dog.jpg"
/>
`;

exports[`<SingleProduct/> renders with proper data 3`] = `
<p>
  dogs
</p>
`;
